C:/Users/Martin/Desktop/TouchGFXBasics_1/Core/Src/main.c:702:6:StartDefaultTask	1
C:/Users/Martin/Desktop/TouchGFXBasics_1/Core/Src/main.c:720:6:dht11Task_handler	1
C:/Users/Martin/Desktop/TouchGFXBasics_1/Core/Src/main.c:746:6:consumerTask_handler	5
C:/Users/Martin/Desktop/TouchGFXBasics_1/Core/Src/main.c:782:6:temperatureHourlyReadCb	10
C:/Users/Martin/Desktop/TouchGFXBasics_1/Core/Src/dht11_simulated.c:13:21:read_DHT11	1
C:/Users/Martin/Desktop/TouchGFXBasics_1/Core/Src/main.c:275:6:SystemClock_Config	2
C:/Users/Martin/Desktop/TouchGFXBasics_1/Core/Src/main.c:149:5:main	5
C:/Users/Martin/Desktop/TouchGFXBasics_1/Core/Src/main.c:887:6:HAL_TIM_PeriodElapsedCallback	2
C:/Users/Martin/Desktop/TouchGFXBasics_1/Core/Src/main.c:904:6:Error_Handler	1
