C:/Users/Martin/Desktop/TouchGFXBasics_1/Core/Src/stm32h7xx_hal_msp.c:68:6:HAL_MspInit	16	static
C:/Users/Martin/Desktop/TouchGFXBasics_1/Core/Src/stm32h7xx_hal_msp.c:91:6:HAL_ADC_MspInit	232	static
C:/Users/Martin/Desktop/TouchGFXBasics_1/Core/Src/stm32h7xx_hal_msp.c:143:6:HAL_ADC_MspDeInit	0	static
C:/Users/Martin/Desktop/TouchGFXBasics_1/Core/Src/stm32h7xx_hal_msp.c:171:6:HAL_CRC_MspInit	8	static
C:/Users/Martin/Desktop/TouchGFXBasics_1/Core/Src/stm32h7xx_hal_msp.c:193:6:HAL_CRC_MspDeInit	0	static
C:/Users/Martin/Desktop/TouchGFXBasics_1/Core/Src/stm32h7xx_hal_msp.c:215:6:HAL_DMA2D_MspInit	16	static
C:/Users/Martin/Desktop/TouchGFXBasics_1/Core/Src/stm32h7xx_hal_msp.c:240:6:HAL_DMA2D_MspDeInit	0	static
C:/Users/Martin/Desktop/TouchGFXBasics_1/Core/Src/stm32h7xx_hal_msp.c:265:6:HAL_JPEG_MspInit	24	static
C:/Users/Martin/Desktop/TouchGFXBasics_1/Core/Src/stm32h7xx_hal_msp.c:349:6:HAL_JPEG_MspDeInit	8	static
C:/Users/Martin/Desktop/TouchGFXBasics_1/Core/Src/stm32h7xx_hal_msp.c:378:6:HAL_LTDC_MspInit	248	static
C:/Users/Martin/Desktop/TouchGFXBasics_1/Core/Src/stm32h7xx_hal_msp.c:490:6:HAL_LTDC_MspDeInit	8	static
C:/Users/Martin/Desktop/TouchGFXBasics_1/Core/Src/stm32h7xx_hal_msp.c:558:6:HAL_QSPI_MspInit	264	static
C:/Users/Martin/Desktop/TouchGFXBasics_1/Core/Src/stm32h7xx_hal_msp.c:651:6:HAL_QSPI_MspDeInit	8	static
C:/Users/Martin/Desktop/TouchGFXBasics_1/Core/Src/stm32h7xx_hal_msp.c:799:6:HAL_SDRAM_MspInit	240	static
C:/Users/Martin/Desktop/TouchGFXBasics_1/Core/Src/stm32h7xx_hal_msp.c:883:6:HAL_SDRAM_MspDeInit	8	static
